You are now connected to database "airport" as user "postgres".
London Heathrow Airport
SEA,AA,LHR,AA,OTP
SEA,AA,LHR,AA,OTP
